
> react-typescript-starter@0.1.0 test
> react-scripts test --coverage

Browserslist: caniuse-lite is outdated. Please run:
  npx browserslist@latest --update-db
  Why you should do it regularly: https://github.com/browserslist/browserslist#browsers-data-updating
Browserslist: caniuse-lite is outdated. Please run:
  npx browserslist@latest --update-db
  Why you should do it regularly: https://github.com/browserslist/browserslist#browsers-data-updating
Browserslist: caniuse-lite is outdated. Please run:
  npx browserslist@latest --update-db
  Why you should do it regularly: https://github.com/browserslist/browserslist#browsers-data-updating
PASS src/objects.test.ts
PASS src/arrays.test.ts
  ● Console

    console.log
      6

      at injectPositive (src/arrays.ts:146:17)

    console.log
      [ 1, 2, 3, 6 ]

      at injectPositive (src/arrays.ts:148:17)

    console.log
      600

      at injectPositive (src/arrays.ts:146:17)

    console.log
      [ 100, 300, 200, 600 ]

      at injectPositive (src/arrays.ts:148:17)

    console.log
      5

      at injectPositive (src/arrays.ts:146:17)

    console.log
      [ 5, 5 ]

      at injectPositive (src/arrays.ts:148:17)

    console.log
      0

      at injectPositive (src/arrays.ts:146:17)

    console.log
      [ 0 ]

      at injectPositive (src/arrays.ts:148:17)

    console.log
      1000

      at injectPositive (src/arrays.ts:146:17)

    console.log
      [ 199, 1, 550, 50, 200, 1000 ]

      at injectPositive (src/arrays.ts:148:17)

PASS src/nested.test.ts
PASS src/functions.test.ts
PASS src/HtmlCss.test.tsx
PASS src/text.test.tsx
PASS src/App.test.tsx
----------------|---------|----------|---------|---------|-------------------
File            | % Stmts | % Branch | % Funcs | % Lines | Uncovered Line #s 
----------------|---------|----------|---------|---------|-------------------
All files       |   99.07 |    98.52 |   98.87 |   99.04 |                   
 src            |   99.07 |    98.52 |   98.87 |   99.04 |                   
  App.tsx       |   66.66 |      100 |   66.66 |   66.66 | 31                
  arrays.ts     |     100 |      100 |     100 |     100 |                   
  functions.ts  |     100 |      100 |     100 |     100 |                   
  nested.ts     |   99.09 |    95.65 |     100 |   99.04 | 335               
  objects.ts    |     100 |      100 |     100 |     100 |                   
 src/interfaces |       0 |        0 |       0 |       0 |                   
  answer.ts     |       0 |        0 |       0 |       0 |                   
  question.ts   |       0 |        0 |       0 |       0 |                   
----------------|---------|----------|---------|---------|-------------------

Test Suites: 7 passed, 7 total
Tests:       49 passed, 49 total
Snapshots:   0 total
Time:        4.135 s
Ran all test suites.
